// Jest Snapshot v1, https://goo.gl/fbAQLP

exports[`Router -> Client should render the Client without throwing an error 1`] = `
<_default>
  <LoadingProvider>
    <LocationProvider>
      <WorkLocationProvider>
        <PopupProvider>
          <BrowserRouter>
            <Router
              history={
                Object {
                  "action": "POP",
                  "block": [Function],
                  "createHref": [Function],
                  "go": [Function],
                  "goBack": [Function],
                  "goForward": [Function],
                  "length": 1,
                  "listen": [Function],
                  "location": Object {
                    "hash": "",
                    "pathname": "/",
                    "search": "",
                    "state": undefined,
                  },
                  "push": [Function],
                  "replace": [Function],
                }
              }
            >
              <Routes>
                <Switch>
                  <Route
                    computedMatch={
                      Object {
                        "isExact": true,
                        "params": Object {},
                        "path": "/",
                        "url": "/",
                      }
                    }
                    exact={true}
                    location={
                      Object {
                        "hash": "",
                        "pathname": "/",
                        "search": "",
                        "state": undefined,
                      }
                    }
                    path="/"
                    render={[Function]}
                  >
                    <Memo()
                      location="home"
                    >
                      <Memo()
                        completedAction={[Function]}
                        hideCompletedCount={true}
                        images={
                          Array [
                            "/assets/images/legoFlinders.jpg",
                          ]
                        }
                      >
                        <styles__Container
                          completed={false}
                        >
                          <div
                            className="styles__Container-sc-1i0f3dw-0 WeStR"
                          />
                        </styles__Container>
                      </Memo()>
                      <Memo(GlobalStyleComponent) />
                      <styles__Container>
                        <div
                          className="styles__Container-sc-1jpprl2-0 gLXbhR"
                        >
                          <styles__Control>
                            <section
                              className="styles__Control-sc-1jpprl2-1 cOa-DvB"
                            >
                              <Memo()
                                location="home"
                              >
                                <styles__Container
                                  isOpen={false}
                                  onClick={[Function]}
                                >
                                  <nav
                                    className="styles__Container-deyoui-0 lcVzCz"
                                    onClick={[Function]}
                                  >
                                    <styles__Title>
                                      <h1
                                        className="styles__Title-deyoui-1 jFCgmj"
                                      >
                                        Fantastic Mr David
                                      </h1>
                                    </styles__Title>
                                    <styles__Nav
                                      isOpen={false}
                                    >
                                      <nav
                                        className="styles__Nav-deyoui-3 kvrhUF"
                                      >
                                        <withRouter(undefined)
                                          isCurrent={false}
                                          isMenuActive={false}
                                          key="MenuLink_about"
                                          label="About"
                                          target="about"
                                        >
                                          <Memo()
                                            history={
                                              Object {
                                                "action": "POP",
                                                "block": [Function],
                                                "createHref": [Function],
                                                "go": [Function],
                                                "goBack": [Function],
                                                "goForward": [Function],
                                                "length": 1,
                                                "listen": [Function],
                                                "location": Object {
                                                  "hash": "",
                                                  "pathname": "/",
                                                  "search": "",
                                                  "state": undefined,
                                                },
                                                "push": [Function],
                                                "replace": [Function],
                                              }
                                            }
                                            isCurrent={false}
                                            isMenuActive={false}
                                            label="About"
                                            location={
                                              Object {
                                                "hash": "",
                                                "pathname": "/",
                                                "search": "",
                                                "state": undefined,
                                              }
                                            }
                                            match={
                                              Object {
                                                "isExact": true,
                                                "params": Object {},
                                                "path": "/",
                                                "url": "/",
                                              }
                                            }
                                            target="about"
                                          >
                                            <styles__Container>
                                              <div
                                                className="styles__Container-sc-1w8m3j0-0 exuZum"
                                              >
                                                <styles__Label
                                                  isCurrent={false}
                                                  isMenuActive={false}
                                                  onClick={[Function]}
                                                  target="about"
                                                >
                                                  <div
                                                    className="styles__Label-sc-1w8m3j0-1 gogLAi"
                                                    onClick={[Function]}
                                                    target="about"
                                                  >
                                                    About
                                                  </div>
                                                </styles__Label>
                                                <Memo()
                                                  isCurrent={false}
                                                  location="about"
                                                >
                                                  <styles__Content
                                                    isCurrent={false}
                                                  >
                                                    <div
                                                      className="styles__Content-xptth5-0 dwSYql"
                                                    >
                                                      <_default>
                                                        <div>
                                                          Meet the captain of the ship.
                                                        </div>
                                                      </_default>
                                                    </div>
                                                  </styles__Content>
                                                </Memo()>
                                              </div>
                                            </styles__Container>
                                          </Memo()>
                                        </withRouter(undefined)>
                                        <withRouter(undefined)
                                          isCurrent={false}
                                          isMenuActive={false}
                                          key="MenuLink_work"
                                          label="Latest Work"
                                          target="work"
                                        >
                                          <Memo()
                                            history={
                                              Object {
                                                "action": "POP",
                                                "block": [Function],
                                                "createHref": [Function],
                                                "go": [Function],
                                                "goBack": [Function],
                                                "goForward": [Function],
                                                "length": 1,
                                                "listen": [Function],
                                                "location": Object {
                                                  "hash": "",
                                                  "pathname": "/",
                                                  "search": "",
                                                  "state": undefined,
                                                },
                                                "push": [Function],
                                                "replace": [Function],
                                              }
                                            }
                                            isCurrent={false}
                                            isMenuActive={false}
                                            label="Latest Work"
                                            location={
                                              Object {
                                                "hash": "",
                                                "pathname": "/",
                                                "search": "",
                                                "state": undefined,
                                              }
                                            }
                                            match={
                                              Object {
                                                "isExact": true,
                                                "params": Object {},
                                                "path": "/",
                                                "url": "/",
                                              }
                                            }
                                            target="work"
                                          >
                                            <styles__Container>
                                              <div
                                                className="styles__Container-sc-1w8m3j0-0 exuZum"
                                              >
                                                <styles__Label
                                                  isCurrent={false}
                                                  isMenuActive={false}
                                                  onClick={[Function]}
                                                  target="work"
                                                >
                                                  <div
                                                    className="styles__Label-sc-1w8m3j0-1 eKBUbM"
                                                    onClick={[Function]}
                                                    target="work"
                                                  >
                                                    Latest Work
                                                  </div>
                                                </styles__Label>
                                                <Memo()
                                                  isCurrent={false}
                                                  location="work"
                                                >
                                                  <styles__Content
                                                    isCurrent={false}
                                                  >
                                                    <div
                                                      className="styles__Content-xptth5-0 dwSYql"
                                                    >
                                                      <_default>
                                                        <div>
                                                          Some things I've been working on.
                                                        </div>
                                                      </_default>
                                                    </div>
                                                  </styles__Content>
                                                </Memo()>
                                              </div>
                                            </styles__Container>
                                          </Memo()>
                                        </withRouter(undefined)>
                                        <withRouter(undefined)
                                          isCurrent={false}
                                          isMenuActive={false}
                                          key="MenuLink_contact"
                                          label="Contact"
                                          target="contact"
                                        >
                                          <Memo()
                                            history={
                                              Object {
                                                "action": "POP",
                                                "block": [Function],
                                                "createHref": [Function],
                                                "go": [Function],
                                                "goBack": [Function],
                                                "goForward": [Function],
                                                "length": 1,
                                                "listen": [Function],
                                                "location": Object {
                                                  "hash": "",
                                                  "pathname": "/",
                                                  "search": "",
                                                  "state": undefined,
                                                },
                                                "push": [Function],
                                                "replace": [Function],
                                              }
                                            }
                                            isCurrent={false}
                                            isMenuActive={false}
                                            label="Contact"
                                            location={
                                              Object {
                                                "hash": "",
                                                "pathname": "/",
                                                "search": "",
                                                "state": undefined,
                                              }
                                            }
                                            match={
                                              Object {
                                                "isExact": true,
                                                "params": Object {},
                                                "path": "/",
                                                "url": "/",
                                              }
                                            }
                                            target="contact"
                                          >
                                            <styles__Container>
                                              <div
                                                className="styles__Container-sc-1w8m3j0-0 exuZum"
                                              >
                                                <styles__Label
                                                  isCurrent={false}
                                                  isMenuActive={false}
                                                  onClick={[Function]}
                                                  target="contact"
                                                >
                                                  <div
                                                    className="styles__Label-sc-1w8m3j0-1 fvGMzS"
                                                    onClick={[Function]}
                                                    target="contact"
                                                  >
                                                    Contact
                                                  </div>
                                                </styles__Label>
                                                <Memo()
                                                  isCurrent={false}
                                                  location="contact"
                                                >
                                                  <styles__Content
                                                    isCurrent={false}
                                                  >
                                                    <div
                                                      className="styles__Content-xptth5-0 dwSYql"
                                                    >
                                                      <_default>
                                                        <div>
                                                          For relaxing times, make it Suntory time.
                                                        </div>
                                                      </_default>
                                                    </div>
                                                  </styles__Content>
                                                </Memo()>
                                              </div>
                                            </styles__Container>
                                          </Memo()>
                                        </withRouter(undefined)>
                                      </nav>
                                    </styles__Nav>
                                    <styles__Subtitle
                                      isOpen={false}
                                    >
                                      <div
                                        className="styles__Subtitle-deyoui-4 iXWVkc"
                                      >
                                        <h2>
                                          <styles__CogIcon
                                            icon={
                                              Object {
                                                "icon": Array [
                                                  512,
                                                  512,
                                                  Array [],
                                                  "f013",
                                                  "M487.4 315.7l-42.6-24.6c4.3-23.2 4.3-47 0-70.2l42.6-24.6c4.9-2.8 7.1-8.6 5.5-14-11.1-35.6-30-67.8-54.7-94.6-3.8-4.1-10-5.1-14.8-2.3L380.8 110c-17.9-15.4-38.5-27.3-60.8-35.1V25.8c0-5.6-3.9-10.5-9.4-11.7-36.7-8.2-74.3-7.8-109.2 0-5.5 1.2-9.4 6.1-9.4 11.7V75c-22.2 7.9-42.8 19.8-60.8 35.1L88.7 85.5c-4.9-2.8-11-1.9-14.8 2.3-24.7 26.7-43.6 58.9-54.7 94.6-1.7 5.4.6 11.2 5.5 14L67.3 221c-4.3 23.2-4.3 47 0 70.2l-42.6 24.6c-4.9 2.8-7.1 8.6-5.5 14 11.1 35.6 30 67.8 54.7 94.6 3.8 4.1 10 5.1 14.8 2.3l42.6-24.6c17.9 15.4 38.5 27.3 60.8 35.1v49.2c0 5.6 3.9 10.5 9.4 11.7 36.7 8.2 74.3 7.8 109.2 0 5.5-1.2 9.4-6.1 9.4-11.7v-49.2c22.2-7.9 42.8-19.8 60.8-35.1l42.6 24.6c4.9 2.8 11 1.9 14.8-2.3 24.7-26.7 43.6-58.9 54.7-94.6 1.5-5.5-.7-11.3-5.6-14.1zM256 336c-44.1 0-80-35.9-80-80s35.9-80 80-80 80 35.9 80 80-35.9 80-80 80z",
                                                ],
                                                "iconName": "cog",
                                                "prefix": "fas",
                                              }
                                            }
                                            isOpen={false}
                                          >
                                            <Component
                                              className="styles__Icon-deyoui-5 styles__CogIcon-deyoui-6 eQqNmD"
                                              icon={
                                                Object {
                                                  "icon": Array [
                                                    512,
                                                    512,
                                                    Array [],
                                                    "f013",
                                                    "M487.4 315.7l-42.6-24.6c4.3-23.2 4.3-47 0-70.2l42.6-24.6c4.9-2.8 7.1-8.6 5.5-14-11.1-35.6-30-67.8-54.7-94.6-3.8-4.1-10-5.1-14.8-2.3L380.8 110c-17.9-15.4-38.5-27.3-60.8-35.1V25.8c0-5.6-3.9-10.5-9.4-11.7-36.7-8.2-74.3-7.8-109.2 0-5.5 1.2-9.4 6.1-9.4 11.7V75c-22.2 7.9-42.8 19.8-60.8 35.1L88.7 85.5c-4.9-2.8-11-1.9-14.8 2.3-24.7 26.7-43.6 58.9-54.7 94.6-1.7 5.4.6 11.2 5.5 14L67.3 221c-4.3 23.2-4.3 47 0 70.2l-42.6 24.6c-4.9 2.8-7.1 8.6-5.5 14 11.1 35.6 30 67.8 54.7 94.6 3.8 4.1 10 5.1 14.8 2.3l42.6-24.6c17.9 15.4 38.5 27.3 60.8 35.1v49.2c0 5.6 3.9 10.5 9.4 11.7 36.7 8.2 74.3 7.8 109.2 0 5.5-1.2 9.4-6.1 9.4-11.7v-49.2c22.2-7.9 42.8-19.8 60.8-35.1l42.6 24.6c4.9 2.8 11 1.9 14.8-2.3 24.7-26.7 43.6-58.9 54.7-94.6 1.5-5.5-.7-11.3-5.6-14.1zM256 336c-44.1 0-80-35.9-80-80s35.9-80 80-80 80 35.9 80 80-35.9 80-80 80z",
                                                  ],
                                                  "iconName": "cog",
                                                  "prefix": "fas",
                                                }
                                              }
                                              isOpen={false}
                                            >
                                              <Memo()
                                                className="styles__Icon-deyoui-5 styles__CogIcon-deyoui-6 eQqNmD"
                                                icon={
                                                  Object {
                                                    "icon": Array [
                                                      512,
                                                      512,
                                                      Array [],
                                                      "f013",
                                                      "M487.4 315.7l-42.6-24.6c4.3-23.2 4.3-47 0-70.2l42.6-24.6c4.9-2.8 7.1-8.6 5.5-14-11.1-35.6-30-67.8-54.7-94.6-3.8-4.1-10-5.1-14.8-2.3L380.8 110c-17.9-15.4-38.5-27.3-60.8-35.1V25.8c0-5.6-3.9-10.5-9.4-11.7-36.7-8.2-74.3-7.8-109.2 0-5.5 1.2-9.4 6.1-9.4 11.7V75c-22.2 7.9-42.8 19.8-60.8 35.1L88.7 85.5c-4.9-2.8-11-1.9-14.8 2.3-24.7 26.7-43.6 58.9-54.7 94.6-1.7 5.4.6 11.2 5.5 14L67.3 221c-4.3 23.2-4.3 47 0 70.2l-42.6 24.6c-4.9 2.8-7.1 8.6-5.5 14 11.1 35.6 30 67.8 54.7 94.6 3.8 4.1 10 5.1 14.8 2.3l42.6-24.6c17.9 15.4 38.5 27.3 60.8 35.1v49.2c0 5.6 3.9 10.5 9.4 11.7 36.7 8.2 74.3 7.8 109.2 0 5.5-1.2 9.4-6.1 9.4-11.7v-49.2c22.2-7.9 42.8-19.8 60.8-35.1l42.6 24.6c4.9 2.8 11 1.9 14.8-2.3 24.7-26.7 43.6-58.9 54.7-94.6 1.5-5.5-.7-11.3-5.6-14.1zM256 336c-44.1 0-80-35.9-80-80s35.9-80 80-80 80 35.9 80 80-35.9 80-80 80z",
                                                    ],
                                                    "iconName": "cog",
                                                    "prefix": "fas",
                                                  }
                                                }
                                              >
                                                <FontAwesomeIcon
                                                  border={false}
                                                  className="styles__Icon-deyoui-5 styles__CogIcon-deyoui-6 eQqNmD"
                                                  fixedWidth={false}
                                                  flip={null}
                                                  icon={
                                                    Object {
                                                      "icon": Array [
                                                        512,
                                                        512,
                                                        Array [],
                                                        "f013",
                                                        "M487.4 315.7l-42.6-24.6c4.3-23.2 4.3-47 0-70.2l42.6-24.6c4.9-2.8 7.1-8.6 5.5-14-11.1-35.6-30-67.8-54.7-94.6-3.8-4.1-10-5.1-14.8-2.3L380.8 110c-17.9-15.4-38.5-27.3-60.8-35.1V25.8c0-5.6-3.9-10.5-9.4-11.7-36.7-8.2-74.3-7.8-109.2 0-5.5 1.2-9.4 6.1-9.4 11.7V75c-22.2 7.9-42.8 19.8-60.8 35.1L88.7 85.5c-4.9-2.8-11-1.9-14.8 2.3-24.7 26.7-43.6 58.9-54.7 94.6-1.7 5.4.6 11.2 5.5 14L67.3 221c-4.3 23.2-4.3 47 0 70.2l-42.6 24.6c-4.9 2.8-7.1 8.6-5.5 14 11.1 35.6 30 67.8 54.7 94.6 3.8 4.1 10 5.1 14.8 2.3l42.6-24.6c17.9 15.4 38.5 27.3 60.8 35.1v49.2c0 5.6 3.9 10.5 9.4 11.7 36.7 8.2 74.3 7.8 109.2 0 5.5-1.2 9.4-6.1 9.4-11.7v-49.2c22.2-7.9 42.8-19.8 60.8-35.1l42.6 24.6c4.9 2.8 11 1.9 14.8-2.3 24.7-26.7 43.6-58.9 54.7-94.6 1.5-5.5-.7-11.3-5.6-14.1zM256 336c-44.1 0-80-35.9-80-80s35.9-80 80-80 80 35.9 80 80-35.9 80-80 80z",
                                                      ],
                                                      "iconName": "cog",
                                                      "prefix": "fas",
                                                    }
                                                  }
                                                  inverse={false}
                                                  listItem={false}
                                                  mask={null}
                                                  pull={null}
                                                  pulse={false}
                                                  rotation={null}
                                                  size={null}
                                                  spin={false}
                                                  swapOpacity={false}
                                                  symbol={false}
                                                  title=""
                                                  transform={null}
                                                >
                                                  <svg
                                                    aria-hidden="true"
                                                    className="svg-inline--fa fa-cog fa-w-16 styles__Icon-deyoui-5 styles__CogIcon-deyoui-6 eQqNmD"
                                                    data-icon="cog"
                                                    data-prefix="fas"
                                                    focusable="false"
                                                    role="img"
                                                    style={Object {}}
                                                    viewBox="0 0 512 512"
                                                    xmlns="http://www.w3.org/2000/svg"
                                                  >
                                                    <path
                                                      d="M487.4 315.7l-42.6-24.6c4.3-23.2 4.3-47 0-70.2l42.6-24.6c4.9-2.8 7.1-8.6 5.5-14-11.1-35.6-30-67.8-54.7-94.6-3.8-4.1-10-5.1-14.8-2.3L380.8 110c-17.9-15.4-38.5-27.3-60.8-35.1V25.8c0-5.6-3.9-10.5-9.4-11.7-36.7-8.2-74.3-7.8-109.2 0-5.5 1.2-9.4 6.1-9.4 11.7V75c-22.2 7.9-42.8 19.8-60.8 35.1L88.7 85.5c-4.9-2.8-11-1.9-14.8 2.3-24.7 26.7-43.6 58.9-54.7 94.6-1.7 5.4.6 11.2 5.5 14L67.3 221c-4.3 23.2-4.3 47 0 70.2l-42.6 24.6c-4.9 2.8-7.1 8.6-5.5 14 11.1 35.6 30 67.8 54.7 94.6 3.8 4.1 10 5.1 14.8 2.3l42.6-24.6c17.9 15.4 38.5 27.3 60.8 35.1v49.2c0 5.6 3.9 10.5 9.4 11.7 36.7 8.2 74.3 7.8 109.2 0 5.5-1.2 9.4-6.1 9.4-11.7v-49.2c22.2-7.9 42.8-19.8 60.8-35.1l42.6 24.6c4.9 2.8 11 1.9 14.8-2.3 24.7-26.7 43.6-58.9 54.7-94.6 1.5-5.5-.7-11.3-5.6-14.1zM256 336c-44.1 0-80-35.9-80-80s35.9-80 80-80 80 35.9 80 80-35.9 80-80 80z"
                                                      fill="currentColor"
                                                      style={Object {}}
                                                    />
                                                  </svg>
                                                </FontAwesomeIcon>
                                              </Memo()>
                                            </Component>
                                          </styles__CogIcon>
                                          Art + Engineering
                                        </h2>
                                        <Memo()>
                                          <styles__Cursor>
                                            <div
                                              className="styles__Cursor-cbfjlf-0 hEgcIK"
                                            />
                                          </styles__Cursor>
                                        </Memo()>
                                      </div>
                                    </styles__Subtitle>
                                    <styles__Cta
                                      isOpen={false}
                                    >
                                      <a
                                        className="styles__Cta-deyoui-2 gnIdWd"
                                      >
                                        <styles__Icon
                                          icon={
                                            Object {
                                              "icon": Array [
                                                320,
                                                512,
                                                Array [],
                                                "f107",
                                                "M143 352.3L7 216.3c-9.4-9.4-9.4-24.6 0-33.9l22.6-22.6c9.4-9.4 24.6-9.4 33.9 0l96.4 96.4 96.4-96.4c9.4-9.4 24.6-9.4 33.9 0l22.6 22.6c9.4 9.4 9.4 24.6 0 33.9l-136 136c-9.2 9.4-24.4 9.4-33.8 0z",
                                              ],
                                              "iconName": "angle-down",
                                              "prefix": "fas",
                                            }
                                          }
                                        >
                                          <Component
                                            className="styles__Icon-deyoui-5 gBURsB"
                                            icon={
                                              Object {
                                                "icon": Array [
                                                  320,
                                                  512,
                                                  Array [],
                                                  "f107",
                                                  "M143 352.3L7 216.3c-9.4-9.4-9.4-24.6 0-33.9l22.6-22.6c9.4-9.4 24.6-9.4 33.9 0l96.4 96.4 96.4-96.4c9.4-9.4 24.6-9.4 33.9 0l22.6 22.6c9.4 9.4 9.4 24.6 0 33.9l-136 136c-9.2 9.4-24.4 9.4-33.8 0z",
                                                ],
                                                "iconName": "angle-down",
                                                "prefix": "fas",
                                              }
                                            }
                                          >
                                            <Memo()
                                              className="styles__Icon-deyoui-5 gBURsB"
                                              icon={
                                                Object {
                                                  "icon": Array [
                                                    320,
                                                    512,
                                                    Array [],
                                                    "f107",
                                                    "M143 352.3L7 216.3c-9.4-9.4-9.4-24.6 0-33.9l22.6-22.6c9.4-9.4 24.6-9.4 33.9 0l96.4 96.4 96.4-96.4c9.4-9.4 24.6-9.4 33.9 0l22.6 22.6c9.4 9.4 9.4 24.6 0 33.9l-136 136c-9.2 9.4-24.4 9.4-33.8 0z",
                                                  ],
                                                  "iconName": "angle-down",
                                                  "prefix": "fas",
                                                }
                                              }
                                            >
                                              <FontAwesomeIcon
                                                border={false}
                                                className="styles__Icon-deyoui-5 gBURsB"
                                                fixedWidth={false}
                                                flip={null}
                                                icon={
                                                  Object {
                                                    "icon": Array [
                                                      320,
                                                      512,
                                                      Array [],
                                                      "f107",
                                                      "M143 352.3L7 216.3c-9.4-9.4-9.4-24.6 0-33.9l22.6-22.6c9.4-9.4 24.6-9.4 33.9 0l96.4 96.4 96.4-96.4c9.4-9.4 24.6-9.4 33.9 0l22.6 22.6c9.4 9.4 9.4 24.6 0 33.9l-136 136c-9.2 9.4-24.4 9.4-33.8 0z",
                                                    ],
                                                    "iconName": "angle-down",
                                                    "prefix": "fas",
                                                  }
                                                }
                                                inverse={false}
                                                listItem={false}
                                                mask={null}
                                                pull={null}
                                                pulse={false}
                                                rotation={null}
                                                size={null}
                                                spin={false}
                                                swapOpacity={false}
                                                symbol={false}
                                                title=""
                                                transform={null}
                                              >
                                                <svg
                                                  aria-hidden="true"
                                                  className="svg-inline--fa fa-angle-down fa-w-10 styles__Icon-deyoui-5 gBURsB"
                                                  data-icon="angle-down"
                                                  data-prefix="fas"
                                                  focusable="false"
                                                  role="img"
                                                  style={Object {}}
                                                  viewBox="0 0 320 512"
                                                  xmlns="http://www.w3.org/2000/svg"
                                                >
                                                  <path
                                                    d="M143 352.3L7 216.3c-9.4-9.4-9.4-24.6 0-33.9l22.6-22.6c9.4-9.4 24.6-9.4 33.9 0l96.4 96.4 96.4-96.4c9.4-9.4 24.6-9.4 33.9 0l22.6 22.6c9.4 9.4 9.4 24.6 0 33.9l-136 136c-9.2 9.4-24.4 9.4-33.8 0z"
                                                    fill="currentColor"
                                                    style={Object {}}
                                                  />
                                                </svg>
                                              </FontAwesomeIcon>
                                            </Memo()>
                                          </Component>
                                        </styles__Icon>
                                      </a>
                                    </styles__Cta>
                                  </nav>
                                </styles__Container>
                              </Memo()>
                            </section>
                          </styles__Control>
                          <styles__Media
                            location="home"
                          >
                            <section
                              className="styles__Media-sc-1jpprl2-2 bFJyFT"
                            >
                              <styles__ShutterTop
                                isFirstMediaLoading={true}
                              >
                                <div
                                  className="styles__Shutter-sc-1jpprl2-3 styles__ShutterTop-sc-1jpprl2-4 jShXNm"
                                />
                              </styles__ShutterTop>
                              <styles__ShutterBottom
                                isFirstMediaLoading={true}
                              >
                                <div
                                  className="styles__Shutter-sc-1jpprl2-3 styles__ShutterBottom-sc-1jpprl2-5 KAJkX"
                                />
                              </styles__ShutterBottom>
                              <styles__MediaLoadingMessage
                                isFirstMediaLoading={true}
                              >
                                <div
                                  className="styles__MediaLoadingMessage-sc-1jpprl2-6 gdEjxp"
                                >
                                  Hello!
                                </div>
                              </styles__MediaLoadingMessage>
                              <Memo()>
                                <styles__Container
                                  imgSrc="/assets/images/legoFlinders.jpg"
                                  isLoading={true}
                                >
                                  <div
                                    className="styles__Container-sc-19v7chj-0 eKdIxt"
                                  />
                                </styles__Container>
                              </Memo()>
                            </section>
                          </styles__Media>
                        </div>
                      </styles__Container>
                    </Memo()>
                  </Route>
                </Switch>
              </Routes>
            </Router>
          </BrowserRouter>
          <Memo()
            isActive={false}
            onClose={[Function]}
            orientation="landscape"
            title=""
            url=""
          >
            <styles__Container
              isActive={false}
              isLoading={true}
            >
              <section
                className="styles__Container-hsnn8o-0 kHaxRx"
              >
                <styles__Lightbox
                  onClick={[Function]}
                >
                  <div
                    className="styles__Lightbox-hsnn8o-1 jVNA-Dl"
                    onClick={[Function]}
                  />
                </styles__Lightbox>
                <styles__Dialog>
                  <div
                    className="styles__Dialog-hsnn8o-2 ghzZou"
                  >
                    <styles__Close
                      onClick={[Function]}
                    >
                      <div
                        className="styles__Close-hsnn8o-5 jwZAfl"
                        onClick={[Function]}
                      >
                        X
                      </div>
                    </styles__Close>
                  </div>
                </styles__Dialog>
              </section>
            </styles__Container>
          </Memo()>
        </PopupProvider>
      </WorkLocationProvider>
    </LocationProvider>
  </LoadingProvider>
</_default>
`;
