// Jest Snapshot v1, https://goo.gl/fbAQLP

exports[`Component -> MenuLink should render the "about" MenuLink UI without throwing an error 1`] = `ReactWrapper {}`;

exports[`Component -> MenuLink should render the "contact" MenuLink UI without throwing an error 1`] = `ReactWrapper {}`;

exports[`Component -> MenuLink should render the "work" MenuLink UI without throwing an error 1`] = `ReactWrapper {}`;
