// Jest Snapshot v1, https://goo.gl/fbAQLP

exports[`Component -> Popup should render the closed Popup UI without throwing an error 1`] = `ReactWrapper {}`;

exports[`Component -> Popup should render the loading Popup UI without throwing an error 1`] = `ReactWrapper {}`;

exports[`Component -> Popup should render the open Popup UI without throwing an error 1`] = `ReactWrapper {}`;
