// Jest Snapshot v1, https://goo.gl/fbAQLP

exports[`Component -> ScopeSpinner should render the ScopeSpinner without throwing an error 1`] = `
<div
  className="styles__Container-sc-5fp6d1-0 kvIHCu"
>
  <div
    className="styles__Container-sc-1pex0aj-0 gVkxTa"
    size={210}
    speed={2.5}
  >
    <div
      className="styles__Mask-sc-1pex0aj-2 gJjzIZ"
      speed={2.5}
    >
      <div
        className="styles__Ring-sc-1pex0aj-1 jkgnKq"
        size={210}
        strokeWidth={12}
      />
    </div>
  </div>
  <div
    className="styles__Container-sc-1pex0aj-0 kUVFGJ"
    size={210}
    speed={2.5}
  >
    <div
      className="styles__Mask-sc-1pex0aj-2 jYBaXU"
      speed={2.5}
    >
      <div
        className="styles__Ring-sc-1pex0aj-1 BDyMj"
        size={210}
        strokeWidth={2}
      />
    </div>
  </div>
  <div
    className="styles__Container-sc-1pex0aj-0 qaLeZ"
    size={200}
    speed={2.5}
  >
    <div
      className="styles__Mask-sc-1pex0aj-2 eLDalS"
      speed={2.5}
    >
      <div
        className="styles__Ring-sc-1pex0aj-1 giyirZ"
        size={200}
        strokeWidth={4}
      />
    </div>
  </div>
  <div
    className="styles__Container-sc-1pex0aj-0 etbtaI"
    size={150}
    speed={1}
  >
    <div
      className="styles__Mask-sc-1pex0aj-2 hnFEPo"
      speed={1}
    >
      <div
        className="styles__Ring-sc-1pex0aj-1 tQyFz"
        size={150}
        strokeWidth={6}
      />
    </div>
  </div>
  <div
    className="styles__Container-sc-1pex0aj-0 bsjMSn"
    size={150}
    speed={1}
  >
    <div
      className="styles__Mask-sc-1pex0aj-2 jEZFCq"
      speed={1}
    >
      <div
        className="styles__Ring-sc-1pex0aj-1 jkJLAj"
        size={150}
        strokeWidth={2}
      />
    </div>
  </div>
  <div
    className="styles__Container-sc-1pex0aj-0 jYKMqB"
    size={120}
    speed={1}
  >
    <div
      className="styles__Mask-sc-1pex0aj-2 XVQMH"
      speed={1}
    >
      <div
        className="styles__Ring-sc-1pex0aj-1 eRGEcj"
        size={120}
        strokeWidth={20}
      />
    </div>
  </div>
  <div
    className="styles__Container-sc-1pex0aj-0 kawqa-D"
    size={100}
    speed={0.5}
  >
    <div
      className="styles__Mask-sc-1pex0aj-2 gxQFdG"
      speed={0.5}
    >
      <div
        className="styles__Ring-sc-1pex0aj-1 kaOZEy"
        size={100}
        strokeWidth={3}
      />
    </div>
  </div>
  <div
    className="styles__Container-sc-1pex0aj-0 kawqa-D"
    size={100}
    speed={0.5}
  >
    <div
      className="styles__Mask-sc-1pex0aj-2 cMpggA"
      speed={0.5}
    >
      <div
        className="styles__Ring-sc-1pex0aj-1 hAbYpF"
        size={100}
        strokeWidth={8}
      />
    </div>
  </div>
  <div
    className="styles__Container-sc-1b97u4l-0 bqHSRc"
    size={145}
    speed={4}
  >
    <div
      className="styles__Mask-sc-1b97u4l-2 fjjHQk"
      speed={4}
    >
      <div
        className="styles__Ring-sc-1b97u4l-1 bZlEBe"
        size={145}
      >
        <div
          className="styles__Tick-sc-1b97u4l-3 EpTwz"
        >
          ■
        </div>
        <div
          className="styles__Tick-sc-1b97u4l-3 fObxRp"
        >
          ■
        </div>
        <div
          className="styles__Tick-sc-1b97u4l-3 gZnVOO"
        >
          ■
        </div>
        <div
          className="styles__Tick-sc-1b97u4l-3 hVTLUA"
        >
          ■
        </div>
        <div
          className="styles__Tick-sc-1b97u4l-3 doPLmk"
        >
          ■
        </div>
        <div
          className="styles__Tick-sc-1b97u4l-3 binlIR"
        >
          ■
        </div>
        <div
          className="styles__Tick-sc-1b97u4l-3 csHJgv"
        >
          ■
        </div>
        <div
          className="styles__Tick-sc-1b97u4l-3 fsBwGK"
        >
          ■
        </div>
        <div
          className="styles__Tick-sc-1b97u4l-3 kmdTwi"
        >
          ■
        </div>
        <div
          className="styles__Tick-sc-1b97u4l-3 ewClNp"
        >
          ■
        </div>
        <div
          className="styles__Tick-sc-1b97u4l-3 jYfkul"
        >
          ■
        </div>
        <div
          className="styles__Tick-sc-1b97u4l-3 fSjpck"
        >
          ■
        </div>
        <div
          className="styles__Tick-sc-1b97u4l-3 dZrVwJ"
        >
          ■
        </div>
        <div
          className="styles__Tick-sc-1b97u4l-3 gqBHwL"
        >
          ■
        </div>
        <div
          className="styles__Tick-sc-1b97u4l-3 fYPTXU"
        >
          ■
        </div>
        <div
          className="styles__Tick-sc-1b97u4l-3 jTdSKs"
        >
          ■
        </div>
        <div
          className="styles__Tick-sc-1b97u4l-3 hFrWO"
        >
          ■
        </div>
        <div
          className="styles__Tick-sc-1b97u4l-3 jwzRVM"
        >
          ■
        </div>
        <div
          className="styles__Tick-sc-1b97u4l-3 dlllHK"
        >
          ■
        </div>
        <div
          className="styles__Tick-sc-1b97u4l-3 kheIAk"
        >
          ■
        </div>
        <div
          className="styles__Tick-sc-1b97u4l-3 cLjovu"
        >
          ■
        </div>
        <div
          className="styles__Tick-sc-1b97u4l-3 jfeEYj"
        >
          ■
        </div>
        <div
          className="styles__Tick-sc-1b97u4l-3 hYAYtX"
        >
          ■
        </div>
        <div
          className="styles__Tick-sc-1b97u4l-3 iVaorG"
        >
          ■
        </div>
        <div
          className="styles__Tick-sc-1b97u4l-3 bcaYhA"
        >
          ■
        </div>
        <div
          className="styles__Tick-sc-1b97u4l-3 kjYWAZ"
        >
          ■
        </div>
        <div
          className="styles__Tick-sc-1b97u4l-3 bUKyTh"
        >
          ■
        </div>
        <div
          className="styles__Tick-sc-1b97u4l-3 lfGsLS"
        >
          ■
        </div>
        <div
          className="styles__Tick-sc-1b97u4l-3 bwdEuP"
        >
          ■
        </div>
        <div
          className="styles__Tick-sc-1b97u4l-3 clZJfj"
        >
          ■
        </div>
        <div
          className="styles__Tick-sc-1b97u4l-3 ghSIzo"
        >
          ■
        </div>
        <div
          className="styles__Tick-sc-1b97u4l-3 ePhMwe"
        >
          ■
        </div>
        <div
          className="styles__Tick-sc-1b97u4l-3 cjPXYq"
        >
          ■
        </div>
        <div
          className="styles__Tick-sc-1b97u4l-3 giWBBM"
        >
          ■
        </div>
        <div
          className="styles__Tick-sc-1b97u4l-3 hTXDTn"
        >
          ■
        </div>
        <div
          className="styles__Tick-sc-1b97u4l-3 LDJSB"
        >
          ■
        </div>
        <div
          className="styles__Tick-sc-1b97u4l-3 hEDkQY"
        >
          ■
        </div>
        <div
          className="styles__Tick-sc-1b97u4l-3 ffEiyt"
        >
          ■
        </div>
        <div
          className="styles__Tick-sc-1b97u4l-3 jHNxgL"
        >
          ■
        </div>
        <div
          className="styles__Tick-sc-1b97u4l-3 cieYty"
        >
          ■
        </div>
        <div
          className="styles__Tick-sc-1b97u4l-3 eNuDIm"
        >
          ■
        </div>
        <div
          className="styles__Tick-sc-1b97u4l-3 cerQoN"
        >
          ■
        </div>
        <div
          className="styles__Tick-sc-1b97u4l-3 keRqRt"
        >
          ■
        </div>
        <div
          className="styles__Tick-sc-1b97u4l-3 esxkcQ"
        >
          ■
        </div>
        <div
          className="styles__Tick-sc-1b97u4l-3 iyLnkJ"
        >
          ■
        </div>
        <div
          className="styles__Tick-sc-1b97u4l-3 kkpCFr"
        >
          ■
        </div>
        <div
          className="styles__Tick-sc-1b97u4l-3 jFKRfU"
        >
          ■
        </div>
        <div
          className="styles__Tick-sc-1b97u4l-3 dcqSyE"
        >
          ■
        </div>
        <div
          className="styles__Tick-sc-1b97u4l-3 gHCfWu"
        >
          ■
        </div>
        <div
          className="styles__Tick-sc-1b97u4l-3 iUvObk"
        >
          ■
        </div>
        <div
          className="styles__Tick-sc-1b97u4l-3 dHjDkl"
        >
          ■
        </div>
        <div
          className="styles__Tick-sc-1b97u4l-3 hFzljv"
        >
          ■
        </div>
        <div
          className="styles__Tick-sc-1b97u4l-3 emXaVh"
        >
          ■
        </div>
        <div
          className="styles__Tick-sc-1b97u4l-3 iYENCA"
        >
          ■
        </div>
        <div
          className="styles__Tick-sc-1b97u4l-3 jXdJXj"
        >
          ■
        </div>
        <div
          className="styles__Tick-sc-1b97u4l-3 kGpvLG"
        >
          ■
        </div>
        <div
          className="styles__Tick-sc-1b97u4l-3 dWwcYE"
        >
          ■
        </div>
        <div
          className="styles__Tick-sc-1b97u4l-3 cguyVZ"
        >
          ■
        </div>
        <div
          className="styles__Tick-sc-1b97u4l-3 fOxrwN"
        >
          ■
        </div>
        <div
          className="styles__Tick-sc-1b97u4l-3 dPCKvq"
        >
          ■
        </div>
        <div
          className="styles__Tick-sc-1b97u4l-3 kvNUoL"
        >
          ■
        </div>
        <div
          className="styles__Tick-sc-1b97u4l-3 fGHZbz"
        >
          ■
        </div>
        <div
          className="styles__Tick-sc-1b97u4l-3 iPajhg"
        >
          ■
        </div>
        <div
          className="styles__Tick-sc-1b97u4l-3 gNKxZq"
        >
          ■
        </div>
      </div>
    </div>
  </div>
  <div
    className="styles__Container-sc-1b97u4l-0 dLjOhD"
    size={130}
    speed={4}
  >
    <div
      className="styles__Mask-sc-1b97u4l-2 cnRRvt"
      speed={4}
    >
      <div
        className="styles__Ring-sc-1b97u4l-1 kaZOvC"
        size={130}
      >
        <div
          className="styles__Tick-sc-1b97u4l-3 EpTwz"
        >
          |
        </div>
        <div
          className="styles__Tick-sc-1b97u4l-3 fObxRp"
        >
          |
        </div>
        <div
          className="styles__Tick-sc-1b97u4l-3 gZnVOO"
        >
          |
        </div>
        <div
          className="styles__Tick-sc-1b97u4l-3 hVTLUA"
        >
          |
        </div>
        <div
          className="styles__Tick-sc-1b97u4l-3 doPLmk"
        >
          |
        </div>
        <div
          className="styles__Tick-sc-1b97u4l-3 binlIR"
        >
          |
        </div>
        <div
          className="styles__Tick-sc-1b97u4l-3 csHJgv"
        >
          |
        </div>
        <div
          className="styles__Tick-sc-1b97u4l-3 fsBwGK"
        >
          |
        </div>
        <div
          className="styles__Tick-sc-1b97u4l-3 kmdTwi"
        >
          |
        </div>
        <div
          className="styles__Tick-sc-1b97u4l-3 ewClNp"
        >
          |
        </div>
        <div
          className="styles__Tick-sc-1b97u4l-3 jYfkul"
        >
          |
        </div>
        <div
          className="styles__Tick-sc-1b97u4l-3 fSjpck"
        >
          |
        </div>
        <div
          className="styles__Tick-sc-1b97u4l-3 dZrVwJ"
        >
          |
        </div>
        <div
          className="styles__Tick-sc-1b97u4l-3 gqBHwL"
        >
          |
        </div>
        <div
          className="styles__Tick-sc-1b97u4l-3 fYPTXU"
        >
          |
        </div>
        <div
          className="styles__Tick-sc-1b97u4l-3 jTdSKs"
        >
          |
        </div>
        <div
          className="styles__Tick-sc-1b97u4l-3 hFrWO"
        >
          |
        </div>
        <div
          className="styles__Tick-sc-1b97u4l-3 jwzRVM"
        >
          |
        </div>
        <div
          className="styles__Tick-sc-1b97u4l-3 dlllHK"
        >
          |
        </div>
        <div
          className="styles__Tick-sc-1b97u4l-3 kheIAk"
        >
          |
        </div>
        <div
          className="styles__Tick-sc-1b97u4l-3 cLjovu"
        >
          |
        </div>
        <div
          className="styles__Tick-sc-1b97u4l-3 jfeEYj"
        >
          |
        </div>
        <div
          className="styles__Tick-sc-1b97u4l-3 hYAYtX"
        >
          |
        </div>
        <div
          className="styles__Tick-sc-1b97u4l-3 iVaorG"
        >
          |
        </div>
        <div
          className="styles__Tick-sc-1b97u4l-3 bcaYhA"
        >
          |
        </div>
        <div
          className="styles__Tick-sc-1b97u4l-3 kjYWAZ"
        >
          |
        </div>
        <div
          className="styles__Tick-sc-1b97u4l-3 bUKyTh"
        >
          |
        </div>
        <div
          className="styles__Tick-sc-1b97u4l-3 lfGsLS"
        >
          |
        </div>
        <div
          className="styles__Tick-sc-1b97u4l-3 bwdEuP"
        >
          |
        </div>
        <div
          className="styles__Tick-sc-1b97u4l-3 clZJfj"
        >
          |
        </div>
        <div
          className="styles__Tick-sc-1b97u4l-3 ghSIzo"
        >
          |
        </div>
        <div
          className="styles__Tick-sc-1b97u4l-3 ePhMwe"
        >
          |
        </div>
        <div
          className="styles__Tick-sc-1b97u4l-3 cjPXYq"
        >
          |
        </div>
        <div
          className="styles__Tick-sc-1b97u4l-3 giWBBM"
        >
          |
        </div>
        <div
          className="styles__Tick-sc-1b97u4l-3 hTXDTn"
        >
          |
        </div>
        <div
          className="styles__Tick-sc-1b97u4l-3 LDJSB"
        >
          |
        </div>
        <div
          className="styles__Tick-sc-1b97u4l-3 hEDkQY"
        >
          |
        </div>
        <div
          className="styles__Tick-sc-1b97u4l-3 ffEiyt"
        >
          |
        </div>
        <div
          className="styles__Tick-sc-1b97u4l-3 jHNxgL"
        >
          |
        </div>
        <div
          className="styles__Tick-sc-1b97u4l-3 cieYty"
        >
          |
        </div>
        <div
          className="styles__Tick-sc-1b97u4l-3 eNuDIm"
        >
          |
        </div>
        <div
          className="styles__Tick-sc-1b97u4l-3 cerQoN"
        >
          |
        </div>
        <div
          className="styles__Tick-sc-1b97u4l-3 keRqRt"
        >
          |
        </div>
        <div
          className="styles__Tick-sc-1b97u4l-3 esxkcQ"
        >
          |
        </div>
        <div
          className="styles__Tick-sc-1b97u4l-3 iyLnkJ"
        >
          |
        </div>
        <div
          className="styles__Tick-sc-1b97u4l-3 kkpCFr"
        >
          |
        </div>
        <div
          className="styles__Tick-sc-1b97u4l-3 jFKRfU"
        >
          |
        </div>
        <div
          className="styles__Tick-sc-1b97u4l-3 dcqSyE"
        >
          |
        </div>
        <div
          className="styles__Tick-sc-1b97u4l-3 gHCfWu"
        >
          |
        </div>
        <div
          className="styles__Tick-sc-1b97u4l-3 iUvObk"
        >
          |
        </div>
        <div
          className="styles__Tick-sc-1b97u4l-3 dHjDkl"
        >
          |
        </div>
        <div
          className="styles__Tick-sc-1b97u4l-3 hFzljv"
        >
          |
        </div>
        <div
          className="styles__Tick-sc-1b97u4l-3 emXaVh"
        >
          |
        </div>
        <div
          className="styles__Tick-sc-1b97u4l-3 iYENCA"
        >
          |
        </div>
        <div
          className="styles__Tick-sc-1b97u4l-3 jXdJXj"
        >
          |
        </div>
        <div
          className="styles__Tick-sc-1b97u4l-3 kGpvLG"
        >
          |
        </div>
        <div
          className="styles__Tick-sc-1b97u4l-3 dWwcYE"
        >
          |
        </div>
        <div
          className="styles__Tick-sc-1b97u4l-3 cguyVZ"
        >
          |
        </div>
        <div
          className="styles__Tick-sc-1b97u4l-3 fOxrwN"
        >
          |
        </div>
        <div
          className="styles__Tick-sc-1b97u4l-3 dPCKvq"
        >
          |
        </div>
        <div
          className="styles__Tick-sc-1b97u4l-3 kvNUoL"
        >
          |
        </div>
        <div
          className="styles__Tick-sc-1b97u4l-3 fGHZbz"
        >
          |
        </div>
        <div
          className="styles__Tick-sc-1b97u4l-3 iPajhg"
        >
          |
        </div>
        <div
          className="styles__Tick-sc-1b97u4l-3 gNKxZq"
        >
          |
        </div>
      </div>
    </div>
  </div>
</div>
`;
