// Jest Snapshot v1, https://goo.gl/fbAQLP

exports[`Component -> ScopeSpinner should render the ScopeSpinner without throwing an error 1`] = `
{
  "asFragment": [Function],
  "baseElement": <body>
    <div>
      <div
        class="scopeSpinnerstyles__Container-sc-1pvvmja-0 cEmrgc"
      >
        <div
          class="styles__Container-sc-1pex0aj-0 bOPkvx"
          size="210"
          speed="2.5"
        >
          <div
            class="styles__Mask-sc-1pex0aj-2 dWYhSt"
            speed="2.5"
          >
            <div
              class="styles__Ring-sc-1pex0aj-1 hZttlr"
              size="210"
              stroke-width="12"
            />
          </div>
        </div>
        <div
          class="styles__Container-sc-1pex0aj-0 hykPiK"
          size="210"
          speed="2.5"
        >
          <div
            class="styles__Mask-sc-1pex0aj-2 bwTfge"
            speed="2.5"
          >
            <div
              class="styles__Ring-sc-1pex0aj-1 KuWKj"
              size="210"
              stroke-width="2"
            />
          </div>
        </div>
        <div
          class="styles__Container-sc-1pex0aj-0 jorQVX"
          size="200"
          speed="2.5"
        >
          <div
            class="styles__Mask-sc-1pex0aj-2 bFOSlo"
            speed="2.5"
          >
            <div
              class="styles__Ring-sc-1pex0aj-1 iiWvvC"
              size="200"
              stroke-width="4"
            />
          </div>
        </div>
        <div
          class="styles__Container-sc-1pex0aj-0 bwchZd"
          size="150"
          speed="1"
        >
          <div
            class="styles__Mask-sc-1pex0aj-2 ldFsQu"
            speed="1"
          >
            <div
              class="styles__Ring-sc-1pex0aj-1 bzTeyI"
              size="150"
              stroke-width="6"
            />
          </div>
        </div>
        <div
          class="styles__Container-sc-1pex0aj-0 kezFzV"
          size="150"
          speed="1"
        >
          <div
            class="styles__Mask-sc-1pex0aj-2 iptFWs"
            speed="1"
          >
            <div
              class="styles__Ring-sc-1pex0aj-1 jPFpay"
              size="150"
              stroke-width="2"
            />
          </div>
        </div>
        <div
          class="styles__Container-sc-1pex0aj-0 kvkRhx"
          size="120"
          speed="1"
        >
          <div
            class="styles__Mask-sc-1pex0aj-2 fvXegV"
            speed="1"
          >
            <div
              class="styles__Ring-sc-1pex0aj-1 XldDq"
              size="120"
              stroke-width="20"
            />
          </div>
        </div>
        <div
          class="styles__Container-sc-1pex0aj-0 hkbAPM"
          size="100"
          speed="0.5"
        >
          <div
            class="styles__Mask-sc-1pex0aj-2 cVhCxa"
            speed="0.5"
          >
            <div
              class="styles__Ring-sc-1pex0aj-1 blYFTr"
              size="100"
              stroke-width="3"
            />
          </div>
        </div>
        <div
          class="styles__Container-sc-1pex0aj-0 hkbAPM"
          size="100"
          speed="0.5"
        >
          <div
            class="styles__Mask-sc-1pex0aj-2 duOTjR"
            speed="0.5"
          >
            <div
              class="styles__Ring-sc-1pex0aj-1 gyDhAj"
              size="100"
              stroke-width="8"
            />
          </div>
        </div>
        <div
          class="styles__Container-sc-1b97u4l-0 fkWKr"
          size="145"
          speed="4"
        >
          <div
            class="styles__Mask-sc-1b97u4l-2 cVnJrP"
            speed="4"
          >
            <div
              class="styles__Ring-sc-1b97u4l-1 dHrMl"
              size="145"
            >
              <div
                class="styles__Tick-sc-1b97u4l-3 deZZdn"
              >
                ■
              </div>
              <div
                class="styles__Tick-sc-1b97u4l-3 cFBzmd"
              >
                ■
              </div>
              <div
                class="styles__Tick-sc-1b97u4l-3 jvTPtE"
              >
                ■
              </div>
              <div
                class="styles__Tick-sc-1b97u4l-3 htVyHt"
              >
                ■
              </div>
              <div
                class="styles__Tick-sc-1b97u4l-3 ctTkMW"
              >
                ■
              </div>
              <div
                class="styles__Tick-sc-1b97u4l-3 eknrni"
              >
                ■
              </div>
              <div
                class="styles__Tick-sc-1b97u4l-3 hKlQPO"
              >
                ■
              </div>
              <div
                class="styles__Tick-sc-1b97u4l-3 fPdaht"
              >
                ■
              </div>
              <div
                class="styles__Tick-sc-1b97u4l-3 ekYkNV"
              >
                ■
              </div>
              <div
                class="styles__Tick-sc-1b97u4l-3 jXCXCx"
              >
                ■
              </div>
              <div
                class="styles__Tick-sc-1b97u4l-3 iHHflf"
              >
                ■
              </div>
              <div
                class="styles__Tick-sc-1b97u4l-3 liZzih"
              >
                ■
              </div>
              <div
                class="styles__Tick-sc-1b97u4l-3 ifsagV"
              >
                ■
              </div>
              <div
                class="styles__Tick-sc-1b97u4l-3 dDZska"
              >
                ■
              </div>
              <div
                class="styles__Tick-sc-1b97u4l-3 gnWGHU"
              >
                ■
              </div>
              <div
                class="styles__Tick-sc-1b97u4l-3 lkBZOO"
              >
                ■
              </div>
              <div
                class="styles__Tick-sc-1b97u4l-3 dgbPlw"
              >
                ■
              </div>
              <div
                class="styles__Tick-sc-1b97u4l-3 cgHWqU"
              >
                ■
              </div>
              <div
                class="styles__Tick-sc-1b97u4l-3 UiEIf"
              >
                ■
              </div>
              <div
                class="styles__Tick-sc-1b97u4l-3 kiBfoA"
              >
                ■
              </div>
              <div
                class="styles__Tick-sc-1b97u4l-3 ilZHzO"
              >
                ■
              </div>
              <div
                class="styles__Tick-sc-1b97u4l-3 hsXALi"
              >
                ■
              </div>
              <div
                class="styles__Tick-sc-1b97u4l-3 cndSDj"
              >
                ■
              </div>
              <div
                class="styles__Tick-sc-1b97u4l-3 eleVNC"
              >
                ■
              </div>
              <div
                class="styles__Tick-sc-1b97u4l-3 frVOYx"
              >
                ■
              </div>
              <div
                class="styles__Tick-sc-1b97u4l-3 jtBkoi"
              >
                ■
              </div>
              <div
                class="styles__Tick-sc-1b97u4l-3 kQJAvV"
              >
                ■
              </div>
              <div
                class="styles__Tick-sc-1b97u4l-3 fTXpEJ"
              >
                ■
              </div>
              <div
                class="styles__Tick-sc-1b97u4l-3 gniwgA"
              >
                ■
              </div>
              <div
                class="styles__Tick-sc-1b97u4l-3 kSPMrv"
              >
                ■
              </div>
              <div
                class="styles__Tick-sc-1b97u4l-3 fiVVZn"
              >
                ■
              </div>
              <div
                class="styles__Tick-sc-1b97u4l-3 kjebbm"
              >
                ■
              </div>
              <div
                class="styles__Tick-sc-1b97u4l-3 ynsdB"
              >
                ■
              </div>
              <div
                class="styles__Tick-sc-1b97u4l-3 jIfzeJ"
              >
                ■
              </div>
              <div
                class="styles__Tick-sc-1b97u4l-3 fUloFZ"
              >
                ■
              </div>
              <div
                class="styles__Tick-sc-1b97u4l-3 ctPfVa"
              >
                ■
              </div>
              <div
                class="styles__Tick-sc-1b97u4l-3 cOhfTp"
              >
                ■
              </div>
              <div
                class="styles__Tick-sc-1b97u4l-3 cMCqEV"
              >
                ■
              </div>
              <div
                class="styles__Tick-sc-1b97u4l-3 lvbQP"
              >
                ■
              </div>
              <div
                class="styles__Tick-sc-1b97u4l-3 eWGhhY"
              >
                ■
              </div>
              <div
                class="styles__Tick-sc-1b97u4l-3 iSqofz"
              >
                ■
              </div>
              <div
                class="styles__Tick-sc-1b97u4l-3 fwfgSt"
              >
                ■
              </div>
              <div
                class="styles__Tick-sc-1b97u4l-3 keuDoB"
              >
                ■
              </div>
              <div
                class="styles__Tick-sc-1b97u4l-3 eQuTUI"
              >
                ■
              </div>
              <div
                class="styles__Tick-sc-1b97u4l-3 kmOjbA"
              >
                ■
              </div>
              <div
                class="styles__Tick-sc-1b97u4l-3 gnAJeo"
              >
                ■
              </div>
              <div
                class="styles__Tick-sc-1b97u4l-3 gUWCjb"
              >
                ■
              </div>
              <div
                class="styles__Tick-sc-1b97u4l-3 iGnSPh"
              >
                ■
              </div>
              <div
                class="styles__Tick-sc-1b97u4l-3 hdWJPG"
              >
                ■
              </div>
              <div
                class="styles__Tick-sc-1b97u4l-3 bApGQG"
              >
                ■
              </div>
              <div
                class="styles__Tick-sc-1b97u4l-3 koWZRd"
              >
                ■
              </div>
              <div
                class="styles__Tick-sc-1b97u4l-3 bZLKzA"
              >
                ■
              </div>
              <div
                class="styles__Tick-sc-1b97u4l-3 eNEbou"
              >
                ■
              </div>
              <div
                class="styles__Tick-sc-1b97u4l-3 cByoNZ"
              >
                ■
              </div>
              <div
                class="styles__Tick-sc-1b97u4l-3 iPOTom"
              >
                ■
              </div>
              <div
                class="styles__Tick-sc-1b97u4l-3 aWEWG"
              >
                ■
              </div>
              <div
                class="styles__Tick-sc-1b97u4l-3 ioGtpv"
              >
                ■
              </div>
              <div
                class="styles__Tick-sc-1b97u4l-3 bvmpNr"
              >
                ■
              </div>
              <div
                class="styles__Tick-sc-1b97u4l-3 giyMcY"
              >
                ■
              </div>
              <div
                class="styles__Tick-sc-1b97u4l-3 gxmtrI"
              >
                ■
              </div>
              <div
                class="styles__Tick-sc-1b97u4l-3 jGRoej"
              >
                ■
              </div>
              <div
                class="styles__Tick-sc-1b97u4l-3 dShRqi"
              >
                ■
              </div>
              <div
                class="styles__Tick-sc-1b97u4l-3 jIwtCu"
              >
                ■
              </div>
              <div
                class="styles__Tick-sc-1b97u4l-3 kEjpSz"
              >
                ■
              </div>
            </div>
          </div>
        </div>
        <div
          class="styles__Container-sc-1b97u4l-0 ivKwmS"
          size="130"
          speed="4"
        >
          <div
            class="styles__Mask-sc-1b97u4l-2 gvOCjf"
            speed="4"
          >
            <div
              class="styles__Ring-sc-1b97u4l-1 eScgLx"
              size="130"
            >
              <div
                class="styles__Tick-sc-1b97u4l-3 deZZdn"
              >
                |
              </div>
              <div
                class="styles__Tick-sc-1b97u4l-3 cFBzmd"
              >
                |
              </div>
              <div
                class="styles__Tick-sc-1b97u4l-3 jvTPtE"
              >
                |
              </div>
              <div
                class="styles__Tick-sc-1b97u4l-3 htVyHt"
              >
                |
              </div>
              <div
                class="styles__Tick-sc-1b97u4l-3 ctTkMW"
              >
                |
              </div>
              <div
                class="styles__Tick-sc-1b97u4l-3 eknrni"
              >
                |
              </div>
              <div
                class="styles__Tick-sc-1b97u4l-3 hKlQPO"
              >
                |
              </div>
              <div
                class="styles__Tick-sc-1b97u4l-3 fPdaht"
              >
                |
              </div>
              <div
                class="styles__Tick-sc-1b97u4l-3 ekYkNV"
              >
                |
              </div>
              <div
                class="styles__Tick-sc-1b97u4l-3 jXCXCx"
              >
                |
              </div>
              <div
                class="styles__Tick-sc-1b97u4l-3 iHHflf"
              >
                |
              </div>
              <div
                class="styles__Tick-sc-1b97u4l-3 liZzih"
              >
                |
              </div>
              <div
                class="styles__Tick-sc-1b97u4l-3 ifsagV"
              >
                |
              </div>
              <div
                class="styles__Tick-sc-1b97u4l-3 dDZska"
              >
                |
              </div>
              <div
                class="styles__Tick-sc-1b97u4l-3 gnWGHU"
              >
                |
              </div>
              <div
                class="styles__Tick-sc-1b97u4l-3 lkBZOO"
              >
                |
              </div>
              <div
                class="styles__Tick-sc-1b97u4l-3 dgbPlw"
              >
                |
              </div>
              <div
                class="styles__Tick-sc-1b97u4l-3 cgHWqU"
              >
                |
              </div>
              <div
                class="styles__Tick-sc-1b97u4l-3 UiEIf"
              >
                |
              </div>
              <div
                class="styles__Tick-sc-1b97u4l-3 kiBfoA"
              >
                |
              </div>
              <div
                class="styles__Tick-sc-1b97u4l-3 ilZHzO"
              >
                |
              </div>
              <div
                class="styles__Tick-sc-1b97u4l-3 hsXALi"
              >
                |
              </div>
              <div
                class="styles__Tick-sc-1b97u4l-3 cndSDj"
              >
                |
              </div>
              <div
                class="styles__Tick-sc-1b97u4l-3 eleVNC"
              >
                |
              </div>
              <div
                class="styles__Tick-sc-1b97u4l-3 frVOYx"
              >
                |
              </div>
              <div
                class="styles__Tick-sc-1b97u4l-3 jtBkoi"
              >
                |
              </div>
              <div
                class="styles__Tick-sc-1b97u4l-3 kQJAvV"
              >
                |
              </div>
              <div
                class="styles__Tick-sc-1b97u4l-3 fTXpEJ"
              >
                |
              </div>
              <div
                class="styles__Tick-sc-1b97u4l-3 gniwgA"
              >
                |
              </div>
              <div
                class="styles__Tick-sc-1b97u4l-3 kSPMrv"
              >
                |
              </div>
              <div
                class="styles__Tick-sc-1b97u4l-3 fiVVZn"
              >
                |
              </div>
              <div
                class="styles__Tick-sc-1b97u4l-3 kjebbm"
              >
                |
              </div>
              <div
                class="styles__Tick-sc-1b97u4l-3 ynsdB"
              >
                |
              </div>
              <div
                class="styles__Tick-sc-1b97u4l-3 jIfzeJ"
              >
                |
              </div>
              <div
                class="styles__Tick-sc-1b97u4l-3 fUloFZ"
              >
                |
              </div>
              <div
                class="styles__Tick-sc-1b97u4l-3 ctPfVa"
              >
                |
              </div>
              <div
                class="styles__Tick-sc-1b97u4l-3 cOhfTp"
              >
                |
              </div>
              <div
                class="styles__Tick-sc-1b97u4l-3 cMCqEV"
              >
                |
              </div>
              <div
                class="styles__Tick-sc-1b97u4l-3 lvbQP"
              >
                |
              </div>
              <div
                class="styles__Tick-sc-1b97u4l-3 eWGhhY"
              >
                |
              </div>
              <div
                class="styles__Tick-sc-1b97u4l-3 iSqofz"
              >
                |
              </div>
              <div
                class="styles__Tick-sc-1b97u4l-3 fwfgSt"
              >
                |
              </div>
              <div
                class="styles__Tick-sc-1b97u4l-3 keuDoB"
              >
                |
              </div>
              <div
                class="styles__Tick-sc-1b97u4l-3 eQuTUI"
              >
                |
              </div>
              <div
                class="styles__Tick-sc-1b97u4l-3 kmOjbA"
              >
                |
              </div>
              <div
                class="styles__Tick-sc-1b97u4l-3 gnAJeo"
              >
                |
              </div>
              <div
                class="styles__Tick-sc-1b97u4l-3 gUWCjb"
              >
                |
              </div>
              <div
                class="styles__Tick-sc-1b97u4l-3 iGnSPh"
              >
                |
              </div>
              <div
                class="styles__Tick-sc-1b97u4l-3 hdWJPG"
              >
                |
              </div>
              <div
                class="styles__Tick-sc-1b97u4l-3 bApGQG"
              >
                |
              </div>
              <div
                class="styles__Tick-sc-1b97u4l-3 koWZRd"
              >
                |
              </div>
              <div
                class="styles__Tick-sc-1b97u4l-3 bZLKzA"
              >
                |
              </div>
              <div
                class="styles__Tick-sc-1b97u4l-3 eNEbou"
              >
                |
              </div>
              <div
                class="styles__Tick-sc-1b97u4l-3 cByoNZ"
              >
                |
              </div>
              <div
                class="styles__Tick-sc-1b97u4l-3 iPOTom"
              >
                |
              </div>
              <div
                class="styles__Tick-sc-1b97u4l-3 aWEWG"
              >
                |
              </div>
              <div
                class="styles__Tick-sc-1b97u4l-3 ioGtpv"
              >
                |
              </div>
              <div
                class="styles__Tick-sc-1b97u4l-3 bvmpNr"
              >
                |
              </div>
              <div
                class="styles__Tick-sc-1b97u4l-3 giyMcY"
              >
                |
              </div>
              <div
                class="styles__Tick-sc-1b97u4l-3 gxmtrI"
              >
                |
              </div>
              <div
                class="styles__Tick-sc-1b97u4l-3 jGRoej"
              >
                |
              </div>
              <div
                class="styles__Tick-sc-1b97u4l-3 dShRqi"
              >
                |
              </div>
              <div
                class="styles__Tick-sc-1b97u4l-3 jIwtCu"
              >
                |
              </div>
              <div
                class="styles__Tick-sc-1b97u4l-3 kEjpSz"
              >
                |
              </div>
            </div>
          </div>
        </div>
      </div>
    </div>
  </body>,
  "container": <div>
    <div
      class="scopeSpinnerstyles__Container-sc-1pvvmja-0 cEmrgc"
    >
      <div
        class="styles__Container-sc-1pex0aj-0 bOPkvx"
        size="210"
        speed="2.5"
      >
        <div
          class="styles__Mask-sc-1pex0aj-2 dWYhSt"
          speed="2.5"
        >
          <div
            class="styles__Ring-sc-1pex0aj-1 hZttlr"
            size="210"
            stroke-width="12"
          />
        </div>
      </div>
      <div
        class="styles__Container-sc-1pex0aj-0 hykPiK"
        size="210"
        speed="2.5"
      >
        <div
          class="styles__Mask-sc-1pex0aj-2 bwTfge"
          speed="2.5"
        >
          <div
            class="styles__Ring-sc-1pex0aj-1 KuWKj"
            size="210"
            stroke-width="2"
          />
        </div>
      </div>
      <div
        class="styles__Container-sc-1pex0aj-0 jorQVX"
        size="200"
        speed="2.5"
      >
        <div
          class="styles__Mask-sc-1pex0aj-2 bFOSlo"
          speed="2.5"
        >
          <div
            class="styles__Ring-sc-1pex0aj-1 iiWvvC"
            size="200"
            stroke-width="4"
          />
        </div>
      </div>
      <div
        class="styles__Container-sc-1pex0aj-0 bwchZd"
        size="150"
        speed="1"
      >
        <div
          class="styles__Mask-sc-1pex0aj-2 ldFsQu"
          speed="1"
        >
          <div
            class="styles__Ring-sc-1pex0aj-1 bzTeyI"
            size="150"
            stroke-width="6"
          />
        </div>
      </div>
      <div
        class="styles__Container-sc-1pex0aj-0 kezFzV"
        size="150"
        speed="1"
      >
        <div
          class="styles__Mask-sc-1pex0aj-2 iptFWs"
          speed="1"
        >
          <div
            class="styles__Ring-sc-1pex0aj-1 jPFpay"
            size="150"
            stroke-width="2"
          />
        </div>
      </div>
      <div
        class="styles__Container-sc-1pex0aj-0 kvkRhx"
        size="120"
        speed="1"
      >
        <div
          class="styles__Mask-sc-1pex0aj-2 fvXegV"
          speed="1"
        >
          <div
            class="styles__Ring-sc-1pex0aj-1 XldDq"
            size="120"
            stroke-width="20"
          />
        </div>
      </div>
      <div
        class="styles__Container-sc-1pex0aj-0 hkbAPM"
        size="100"
        speed="0.5"
      >
        <div
          class="styles__Mask-sc-1pex0aj-2 cVhCxa"
          speed="0.5"
        >
          <div
            class="styles__Ring-sc-1pex0aj-1 blYFTr"
            size="100"
            stroke-width="3"
          />
        </div>
      </div>
      <div
        class="styles__Container-sc-1pex0aj-0 hkbAPM"
        size="100"
        speed="0.5"
      >
        <div
          class="styles__Mask-sc-1pex0aj-2 duOTjR"
          speed="0.5"
        >
          <div
            class="styles__Ring-sc-1pex0aj-1 gyDhAj"
            size="100"
            stroke-width="8"
          />
        </div>
      </div>
      <div
        class="styles__Container-sc-1b97u4l-0 fkWKr"
        size="145"
        speed="4"
      >
        <div
          class="styles__Mask-sc-1b97u4l-2 cVnJrP"
          speed="4"
        >
          <div
            class="styles__Ring-sc-1b97u4l-1 dHrMl"
            size="145"
          >
            <div
              class="styles__Tick-sc-1b97u4l-3 deZZdn"
            >
              ■
            </div>
            <div
              class="styles__Tick-sc-1b97u4l-3 cFBzmd"
            >
              ■
            </div>
            <div
              class="styles__Tick-sc-1b97u4l-3 jvTPtE"
            >
              ■
            </div>
            <div
              class="styles__Tick-sc-1b97u4l-3 htVyHt"
            >
              ■
            </div>
            <div
              class="styles__Tick-sc-1b97u4l-3 ctTkMW"
            >
              ■
            </div>
            <div
              class="styles__Tick-sc-1b97u4l-3 eknrni"
            >
              ■
            </div>
            <div
              class="styles__Tick-sc-1b97u4l-3 hKlQPO"
            >
              ■
            </div>
            <div
              class="styles__Tick-sc-1b97u4l-3 fPdaht"
            >
              ■
            </div>
            <div
              class="styles__Tick-sc-1b97u4l-3 ekYkNV"
            >
              ■
            </div>
            <div
              class="styles__Tick-sc-1b97u4l-3 jXCXCx"
            >
              ■
            </div>
            <div
              class="styles__Tick-sc-1b97u4l-3 iHHflf"
            >
              ■
            </div>
            <div
              class="styles__Tick-sc-1b97u4l-3 liZzih"
            >
              ■
            </div>
            <div
              class="styles__Tick-sc-1b97u4l-3 ifsagV"
            >
              ■
            </div>
            <div
              class="styles__Tick-sc-1b97u4l-3 dDZska"
            >
              ■
            </div>
            <div
              class="styles__Tick-sc-1b97u4l-3 gnWGHU"
            >
              ■
            </div>
            <div
              class="styles__Tick-sc-1b97u4l-3 lkBZOO"
            >
              ■
            </div>
            <div
              class="styles__Tick-sc-1b97u4l-3 dgbPlw"
            >
              ■
            </div>
            <div
              class="styles__Tick-sc-1b97u4l-3 cgHWqU"
            >
              ■
            </div>
            <div
              class="styles__Tick-sc-1b97u4l-3 UiEIf"
            >
              ■
            </div>
            <div
              class="styles__Tick-sc-1b97u4l-3 kiBfoA"
            >
              ■
            </div>
            <div
              class="styles__Tick-sc-1b97u4l-3 ilZHzO"
            >
              ■
            </div>
            <div
              class="styles__Tick-sc-1b97u4l-3 hsXALi"
            >
              ■
            </div>
            <div
              class="styles__Tick-sc-1b97u4l-3 cndSDj"
            >
              ■
            </div>
            <div
              class="styles__Tick-sc-1b97u4l-3 eleVNC"
            >
              ■
            </div>
            <div
              class="styles__Tick-sc-1b97u4l-3 frVOYx"
            >
              ■
            </div>
            <div
              class="styles__Tick-sc-1b97u4l-3 jtBkoi"
            >
              ■
            </div>
            <div
              class="styles__Tick-sc-1b97u4l-3 kQJAvV"
            >
              ■
            </div>
            <div
              class="styles__Tick-sc-1b97u4l-3 fTXpEJ"
            >
              ■
            </div>
            <div
              class="styles__Tick-sc-1b97u4l-3 gniwgA"
            >
              ■
            </div>
            <div
              class="styles__Tick-sc-1b97u4l-3 kSPMrv"
            >
              ■
            </div>
            <div
              class="styles__Tick-sc-1b97u4l-3 fiVVZn"
            >
              ■
            </div>
            <div
              class="styles__Tick-sc-1b97u4l-3 kjebbm"
            >
              ■
            </div>
            <div
              class="styles__Tick-sc-1b97u4l-3 ynsdB"
            >
              ■
            </div>
            <div
              class="styles__Tick-sc-1b97u4l-3 jIfzeJ"
            >
              ■
            </div>
            <div
              class="styles__Tick-sc-1b97u4l-3 fUloFZ"
            >
              ■
            </div>
            <div
              class="styles__Tick-sc-1b97u4l-3 ctPfVa"
            >
              ■
            </div>
            <div
              class="styles__Tick-sc-1b97u4l-3 cOhfTp"
            >
              ■
            </div>
            <div
              class="styles__Tick-sc-1b97u4l-3 cMCqEV"
            >
              ■
            </div>
            <div
              class="styles__Tick-sc-1b97u4l-3 lvbQP"
            >
              ■
            </div>
            <div
              class="styles__Tick-sc-1b97u4l-3 eWGhhY"
            >
              ■
            </div>
            <div
              class="styles__Tick-sc-1b97u4l-3 iSqofz"
            >
              ■
            </div>
            <div
              class="styles__Tick-sc-1b97u4l-3 fwfgSt"
            >
              ■
            </div>
            <div
              class="styles__Tick-sc-1b97u4l-3 keuDoB"
            >
              ■
            </div>
            <div
              class="styles__Tick-sc-1b97u4l-3 eQuTUI"
            >
              ■
            </div>
            <div
              class="styles__Tick-sc-1b97u4l-3 kmOjbA"
            >
              ■
            </div>
            <div
              class="styles__Tick-sc-1b97u4l-3 gnAJeo"
            >
              ■
            </div>
            <div
              class="styles__Tick-sc-1b97u4l-3 gUWCjb"
            >
              ■
            </div>
            <div
              class="styles__Tick-sc-1b97u4l-3 iGnSPh"
            >
              ■
            </div>
            <div
              class="styles__Tick-sc-1b97u4l-3 hdWJPG"
            >
              ■
            </div>
            <div
              class="styles__Tick-sc-1b97u4l-3 bApGQG"
            >
              ■
            </div>
            <div
              class="styles__Tick-sc-1b97u4l-3 koWZRd"
            >
              ■
            </div>
            <div
              class="styles__Tick-sc-1b97u4l-3 bZLKzA"
            >
              ■
            </div>
            <div
              class="styles__Tick-sc-1b97u4l-3 eNEbou"
            >
              ■
            </div>
            <div
              class="styles__Tick-sc-1b97u4l-3 cByoNZ"
            >
              ■
            </div>
            <div
              class="styles__Tick-sc-1b97u4l-3 iPOTom"
            >
              ■
            </div>
            <div
              class="styles__Tick-sc-1b97u4l-3 aWEWG"
            >
              ■
            </div>
            <div
              class="styles__Tick-sc-1b97u4l-3 ioGtpv"
            >
              ■
            </div>
            <div
              class="styles__Tick-sc-1b97u4l-3 bvmpNr"
            >
              ■
            </div>
            <div
              class="styles__Tick-sc-1b97u4l-3 giyMcY"
            >
              ■
            </div>
            <div
              class="styles__Tick-sc-1b97u4l-3 gxmtrI"
            >
              ■
            </div>
            <div
              class="styles__Tick-sc-1b97u4l-3 jGRoej"
            >
              ■
            </div>
            <div
              class="styles__Tick-sc-1b97u4l-3 dShRqi"
            >
              ■
            </div>
            <div
              class="styles__Tick-sc-1b97u4l-3 jIwtCu"
            >
              ■
            </div>
            <div
              class="styles__Tick-sc-1b97u4l-3 kEjpSz"
            >
              ■
            </div>
          </div>
        </div>
      </div>
      <div
        class="styles__Container-sc-1b97u4l-0 ivKwmS"
        size="130"
        speed="4"
      >
        <div
          class="styles__Mask-sc-1b97u4l-2 gvOCjf"
          speed="4"
        >
          <div
            class="styles__Ring-sc-1b97u4l-1 eScgLx"
            size="130"
          >
            <div
              class="styles__Tick-sc-1b97u4l-3 deZZdn"
            >
              |
            </div>
            <div
              class="styles__Tick-sc-1b97u4l-3 cFBzmd"
            >
              |
            </div>
            <div
              class="styles__Tick-sc-1b97u4l-3 jvTPtE"
            >
              |
            </div>
            <div
              class="styles__Tick-sc-1b97u4l-3 htVyHt"
            >
              |
            </div>
            <div
              class="styles__Tick-sc-1b97u4l-3 ctTkMW"
            >
              |
            </div>
            <div
              class="styles__Tick-sc-1b97u4l-3 eknrni"
            >
              |
            </div>
            <div
              class="styles__Tick-sc-1b97u4l-3 hKlQPO"
            >
              |
            </div>
            <div
              class="styles__Tick-sc-1b97u4l-3 fPdaht"
            >
              |
            </div>
            <div
              class="styles__Tick-sc-1b97u4l-3 ekYkNV"
            >
              |
            </div>
            <div
              class="styles__Tick-sc-1b97u4l-3 jXCXCx"
            >
              |
            </div>
            <div
              class="styles__Tick-sc-1b97u4l-3 iHHflf"
            >
              |
            </div>
            <div
              class="styles__Tick-sc-1b97u4l-3 liZzih"
            >
              |
            </div>
            <div
              class="styles__Tick-sc-1b97u4l-3 ifsagV"
            >
              |
            </div>
            <div
              class="styles__Tick-sc-1b97u4l-3 dDZska"
            >
              |
            </div>
            <div
              class="styles__Tick-sc-1b97u4l-3 gnWGHU"
            >
              |
            </div>
            <div
              class="styles__Tick-sc-1b97u4l-3 lkBZOO"
            >
              |
            </div>
            <div
              class="styles__Tick-sc-1b97u4l-3 dgbPlw"
            >
              |
            </div>
            <div
              class="styles__Tick-sc-1b97u4l-3 cgHWqU"
            >
              |
            </div>
            <div
              class="styles__Tick-sc-1b97u4l-3 UiEIf"
            >
              |
            </div>
            <div
              class="styles__Tick-sc-1b97u4l-3 kiBfoA"
            >
              |
            </div>
            <div
              class="styles__Tick-sc-1b97u4l-3 ilZHzO"
            >
              |
            </div>
            <div
              class="styles__Tick-sc-1b97u4l-3 hsXALi"
            >
              |
            </div>
            <div
              class="styles__Tick-sc-1b97u4l-3 cndSDj"
            >
              |
            </div>
            <div
              class="styles__Tick-sc-1b97u4l-3 eleVNC"
            >
              |
            </div>
            <div
              class="styles__Tick-sc-1b97u4l-3 frVOYx"
            >
              |
            </div>
            <div
              class="styles__Tick-sc-1b97u4l-3 jtBkoi"
            >
              |
            </div>
            <div
              class="styles__Tick-sc-1b97u4l-3 kQJAvV"
            >
              |
            </div>
            <div
              class="styles__Tick-sc-1b97u4l-3 fTXpEJ"
            >
              |
            </div>
            <div
              class="styles__Tick-sc-1b97u4l-3 gniwgA"
            >
              |
            </div>
            <div
              class="styles__Tick-sc-1b97u4l-3 kSPMrv"
            >
              |
            </div>
            <div
              class="styles__Tick-sc-1b97u4l-3 fiVVZn"
            >
              |
            </div>
            <div
              class="styles__Tick-sc-1b97u4l-3 kjebbm"
            >
              |
            </div>
            <div
              class="styles__Tick-sc-1b97u4l-3 ynsdB"
            >
              |
            </div>
            <div
              class="styles__Tick-sc-1b97u4l-3 jIfzeJ"
            >
              |
            </div>
            <div
              class="styles__Tick-sc-1b97u4l-3 fUloFZ"
            >
              |
            </div>
            <div
              class="styles__Tick-sc-1b97u4l-3 ctPfVa"
            >
              |
            </div>
            <div
              class="styles__Tick-sc-1b97u4l-3 cOhfTp"
            >
              |
            </div>
            <div
              class="styles__Tick-sc-1b97u4l-3 cMCqEV"
            >
              |
            </div>
            <div
              class="styles__Tick-sc-1b97u4l-3 lvbQP"
            >
              |
            </div>
            <div
              class="styles__Tick-sc-1b97u4l-3 eWGhhY"
            >
              |
            </div>
            <div
              class="styles__Tick-sc-1b97u4l-3 iSqofz"
            >
              |
            </div>
            <div
              class="styles__Tick-sc-1b97u4l-3 fwfgSt"
            >
              |
            </div>
            <div
              class="styles__Tick-sc-1b97u4l-3 keuDoB"
            >
              |
            </div>
            <div
              class="styles__Tick-sc-1b97u4l-3 eQuTUI"
            >
              |
            </div>
            <div
              class="styles__Tick-sc-1b97u4l-3 kmOjbA"
            >
              |
            </div>
            <div
              class="styles__Tick-sc-1b97u4l-3 gnAJeo"
            >
              |
            </div>
            <div
              class="styles__Tick-sc-1b97u4l-3 gUWCjb"
            >
              |
            </div>
            <div
              class="styles__Tick-sc-1b97u4l-3 iGnSPh"
            >
              |
            </div>
            <div
              class="styles__Tick-sc-1b97u4l-3 hdWJPG"
            >
              |
            </div>
            <div
              class="styles__Tick-sc-1b97u4l-3 bApGQG"
            >
              |
            </div>
            <div
              class="styles__Tick-sc-1b97u4l-3 koWZRd"
            >
              |
            </div>
            <div
              class="styles__Tick-sc-1b97u4l-3 bZLKzA"
            >
              |
            </div>
            <div
              class="styles__Tick-sc-1b97u4l-3 eNEbou"
            >
              |
            </div>
            <div
              class="styles__Tick-sc-1b97u4l-3 cByoNZ"
            >
              |
            </div>
            <div
              class="styles__Tick-sc-1b97u4l-3 iPOTom"
            >
              |
            </div>
            <div
              class="styles__Tick-sc-1b97u4l-3 aWEWG"
            >
              |
            </div>
            <div
              class="styles__Tick-sc-1b97u4l-3 ioGtpv"
            >
              |
            </div>
            <div
              class="styles__Tick-sc-1b97u4l-3 bvmpNr"
            >
              |
            </div>
            <div
              class="styles__Tick-sc-1b97u4l-3 giyMcY"
            >
              |
            </div>
            <div
              class="styles__Tick-sc-1b97u4l-3 gxmtrI"
            >
              |
            </div>
            <div
              class="styles__Tick-sc-1b97u4l-3 jGRoej"
            >
              |
            </div>
            <div
              class="styles__Tick-sc-1b97u4l-3 dShRqi"
            >
              |
            </div>
            <div
              class="styles__Tick-sc-1b97u4l-3 jIwtCu"
            >
              |
            </div>
            <div
              class="styles__Tick-sc-1b97u4l-3 kEjpSz"
            >
              |
            </div>
          </div>
        </div>
      </div>
    </div>
  </div>,
  "debug": [Function],
  "findAllByAltText": [Function],
  "findAllByDisplayValue": [Function],
  "findAllByLabelText": [Function],
  "findAllByPlaceholderText": [Function],
  "findAllByRole": [Function],
  "findAllByTestId": [Function],
  "findAllByText": [Function],
  "findAllByTitle": [Function],
  "findByAltText": [Function],
  "findByDisplayValue": [Function],
  "findByLabelText": [Function],
  "findByPlaceholderText": [Function],
  "findByRole": [Function],
  "findByTestId": [Function],
  "findByText": [Function],
  "findByTitle": [Function],
  "getAllByAltText": [Function],
  "getAllByDisplayValue": [Function],
  "getAllByLabelText": [Function],
  "getAllByPlaceholderText": [Function],
  "getAllByRole": [Function],
  "getAllByTestId": [Function],
  "getAllByText": [Function],
  "getAllByTitle": [Function],
  "getByAltText": [Function],
  "getByDisplayValue": [Function],
  "getByLabelText": [Function],
  "getByPlaceholderText": [Function],
  "getByRole": [Function],
  "getByTestId": [Function],
  "getByText": [Function],
  "getByTitle": [Function],
  "queryAllByAltText": [Function],
  "queryAllByDisplayValue": [Function],
  "queryAllByLabelText": [Function],
  "queryAllByPlaceholderText": [Function],
  "queryAllByRole": [Function],
  "queryAllByTestId": [Function],
  "queryAllByText": [Function],
  "queryAllByTitle": [Function],
  "queryByAltText": [Function],
  "queryByDisplayValue": [Function],
  "queryByLabelText": [Function],
  "queryByPlaceholderText": [Function],
  "queryByRole": [Function],
  "queryByTestId": [Function],
  "queryByText": [Function],
  "queryByTitle": [Function],
  "rerender": [Function],
  "unmount": [Function],
}
`;
