// Jest Snapshot v1, https://goo.gl/fbAQLP

exports[`Component -> TerminalText should render the TerminalText with a component without throwing an error 1`] = `
<TerminalText
  blinker={true}
  onComplete={[MockFunction]}
  speed={5}
>
  <div />
  <Memo()>
    <styles__Cursor>
      <div
        className="styles__Cursor-cbfjlf-0 hEgcIK"
      />
    </styles__Cursor>
  </Memo()>
</TerminalText>
`;

exports[`Component -> TerminalText should render the TerminalText with a string without throwing an error 1`] = `
<TerminalText
  blinker={true}
  onComplete={[MockFunction]}
  speed={5}
>
  <div />
  <Memo()>
    <styles__Cursor>
      <div
        className="styles__Cursor-cbfjlf-0 hEgcIK"
      />
    </styles__Cursor>
  </Memo()>
</TerminalText>
`;
