// Jest Snapshot v1, https://goo.gl/fbAQLP

exports[`Component -> View should render the View without throwing an error 1`] = `
<Fragment>
  <Memo()
    completedAction={[Function]}
    hideCompletedCount={true}
    images={
      Array [
        "/assets/images/legoFlinders.jpg",
      ]
    }
  />
  <Memo(GlobalStyleComponent) />
  <styles__Container>
    <styles__Control>
      <Memo()
        location="about"
      />
    </styles__Control>
    <styles__Media
      location="about"
    >
      <styles__ShutterTop
        isFirstMediaLoading={false}
      />
      <styles__ShutterBottom
        isFirstMediaLoading={false}
      />
      <styles__MediaLoadingMessage
        isFirstMediaLoading={false}
      >
        Hello!
      </styles__MediaLoadingMessage>
      <Memo() />
    </styles__Media>
  </styles__Container>
</Fragment>
`;
